../../tests_replication/golden/transactions_to_replicate.json